// Jest Snapshot v1, https://goo.gl/fbAQLP

exports[`render correctly render loading component 1`] = `ReactWrapper {}`;
